// Jest Snapshot v1, https://goo.gl/fbAQLP

exports[`SubMenuNav renders 1`] = `
<DocumentFragment>
  <nav
    class="pages-nav pages-nav--sub-menu"
  >
    <button
      class="button button--close mb-9 lg:hidden text-right"
      data-testid="sub-menu-nav-close-button"
      type="button"
    >
      <svg
        class="icon"
        fill="none"
        stroke="currentColor"
        viewBox="0 0 24 24"
        xmlns="http://www.w3.org/2000/svg"
      >
        <path
          d="M6 18L18 6M6 6l12 12"
          stroke-linecap="round"
          stroke-linejoin="round"
          stroke-width="2"
        />
      </svg>
       [Translation for https://example.com/global/translations.ttl#close does not exist]
    </button>
    <ul
      class="nav-pages__list nav-pages__list--sub-menu"
    >
      <li
        class="flex"
      >
        <a
          class="pages-nav__link pages-nav__link--sub-menu pages-nav__link--selected pages-nav__link--child-selected"
          href="/rules"
        >
          [Translation for https://example.com/global/translations.ttl#rulesPageTitle does not exist]
        </a>
      </li>
      <li
        class="flex"
      >
        <a
          class="pages-nav__link pages-nav__link--sub-menu"
          href="/rules/classes"
        >
          [Translation for https://example.com/global/translations.ttl#classesPageTitle does not exist]
        </a>
      </li>
      <li
        class="flex"
      >
        <a
          class="pages-nav__link pages-nav__link--sub-menu"
          href="/rules/races"
        >
          [Translation for https://example.com/global/translations.ttl#racesPageTitle does not exist]
        </a>
      </li>
      <li
        class="flex"
      >
        <a
          class="pages-nav__link pages-nav__link--sub-menu"
          href="/rules/equipment"
        >
          [Translation for https://example.com/global/translations.ttl#equipmentPageTitle does not exist]
        </a>
      </li>
      <li
        class="flex"
      >
        <a
          class="pages-nav__link pages-nav__link--sub-menu"
          href="/rules/spells"
        >
          [Translation for https://example.com/global/translations.ttl#spellsPageTitle does not exist]
        </a>
      </li>
      <li
        class="flex"
      >
        <a
          class="pages-nav__link pages-nav__link--sub-menu"
          href="/rules/monsters"
        >
          [Translation for https://example.com/global/translations.ttl#monstersPageTitle does not exist]
        </a>
      </li>
    </ul>
  </nav>
</DocumentFragment>
`;

exports[`SubMenuNav renders nothing when there are no pages 1`] = `<DocumentFragment />`;
