// Jest Snapshot v1, https://goo.gl/fbAQLP

exports[`FAQ renders given a FAQ 1`] = `
<DocumentFragment>
  <div
    class="content leading-normal max-w-prose mx-auto content"
  >
    <h2
      data-testid="faq-label"
    >
      [Translation for https://example.com/#faqLabel does not exist]
    </h2>
    <div
      data-testid="faq-description"
    >
      <p>
        [Translation for https://example.com/#faqDescription does not exist]
      </p>
    </div>
  </div>
</DocumentFragment>
`;

exports[`FAQ renders given an id 1`] = `
<DocumentFragment>
  <div
    class="content leading-normal max-w-prose mx-auto content"
  >
    <h2
      data-testid="faq-label"
    >
      [Translation for https://example.com/#faqLabel does not exist]
    </h2>
    <div
      data-testid="faq-description"
    >
      <p>
        [Translation for https://example.com/#faqDescription does not exist]
      </p>
    </div>
  </div>
</DocumentFragment>
`;
