// Jest Snapshot v1, https://goo.gl/fbAQLP

exports[`PageHeader renders 1`] = `
<DocumentFragment>
  <header
    class="mb-2 shadow shadow-md"
  >
    <div
      class="main-container main-container--content"
    >
      <div
        class="font-serif self-center text-left"
      >
        <a
          class="focus:outline-none focus:ring-2 focus:ring-red-600"
          href="/"
        >
          [Translation for https://example.com/global/translations.ttl#appName does not exist]
        </a>
      </div>
    </div>
    <nav
      class="pages-nav pages-nav--main-menu"
    >
      <ul
        class="pages-nav__list pages-nav__list--main-menu"
      >
        <li
          class="flex"
          data-testid="main-nav-list-item"
        >
          <a
            class="pages-nav__link pages-nav__link--main-menu"
            href="/characters"
          >
            [Translation for https://example.com/global/translations.ttl#charactersPageTitle does not exist]
          </a>
        </li>
        <li
          class="flex"
          data-testid="main-nav-list-item"
        >
          <a
            class="pages-nav__link pages-nav__link--main-menu"
            href="/rules"
          >
            [Translation for https://example.com/global/translations.ttl#rulesPageTitle does not exist]
          </a>
        </li>
      </ul>
    </nav>
  </header>
</DocumentFragment>
`;
