// Jest Snapshot v1, https://goo.gl/fbAQLP

exports[`AdminPage renders 1`] = `
<DocumentFragment>
  <div
    class="flex-1 flex flex-col relative min-h-full"
  >
    <header
      class="mb-2 shadow shadow-lg"
    >
      <div
        class="main-container main-container--content"
      >
        <div
          class="font-serif self-center text-left"
        >
          <a
            class="focus:outline-none focus:ring-2 focus:ring-red-600"
            href="/"
          >
            [Translation for https://example.com/global/translations.ttl#appName does not exist]
          </a>
        </div>
      </div>
      <nav
        class="pages-nav pages-nav--main-menu"
      >
        <ul
          class="pages-nav__list pages-nav__list--main-menu"
        >
          <li
            class="flex"
            data-testid="main-nav-list-item"
          >
            <a
              class="pages-nav__link pages-nav__link--main-menu"
              href="/characters"
            >
              [Translation for https://example.com/global/translations.ttl#charactersPageTitle does not exist]
            </a>
          </li>
          <li
            class="flex"
            data-testid="main-nav-list-item"
          >
            <a
              class="pages-nav__link pages-nav__link--main-menu"
              href="/rules"
            >
              [Translation for https://example.com/global/translations.ttl#rulesPageTitle does not exist]
            </a>
          </li>
        </ul>
      </nav>
    </header>
    <button
      class="bg-black fixed top-0 left-0 w-screen h-screen opacity-80 z-0 lg:hidden hidden"
      data-testid="layout-fade"
      type="button"
    >
       
    </button>
    <div
      class="main-container main-container--content main-container--main flex-1 flex flex-col lg:flex-row lg:space-x-2"
    >
      <div
        class="layout__sub-menu hidden lg:block"
        data-testid="layout-sub-menu"
      />
      <div
        class="flex-1 lg:flex-auto flex flex-col max-w-prose min-h-full"
      >
        <main
          class="flex-1"
        >
          <div
            class="content leading-normal max-w-prose mx-auto"
            style="hyphens: auto;"
          >
            <h1>
              [Translation for https://example.com/admin/translations.ttl#adminPageTitle does not exist]
            </h1>
            <div
              class="bg-yellow-200 text-yellow-900 border-yellow-400 border px-2 py-1 rounded-sm mb-2"
            >
              [Translation for https://example.com/global/translations.ttl#workInProgress does not exist]
            </div>
          </div>
        </main>
        <footer
          class="main-container main-container--content mt-8 text-center sm:text-left xs:flex xs:space-x-4 items-center justify-center sm:justify-start"
        >
          <div
            class="md:flex-grow pb-2 flex space-x-1 justify-center sm:justify-start"
          >
            <a
              class="link"
              href="/about"
            >
              [Translation for https://example.com/global/translations.ttl#aboutTitle does not exist]
            </a>
            <a
              class="link"
              href="/faq"
            >
              [Translation for https://example.com/global/translations.ttl#faqShort does not exist]
            </a>
          </div>
          <div
            class="pb-2 flex xs:space-x-2 space-y-2 xs:space-y-0 flex-col text-center xs:flex-row xs:justify-center"
          >
            <button
              class="button"
              data-testid="dark-mode-selector-button"
              type="button"
            >
              <span>
                🌙 [Translation for https://example.com/global/translations.ttl#darkModeTurnOn does not exist]
              </span>
            </button>
          </div>
        </footer>
      </div>
      <div
        class="hidden lg:block lg:flex-1"
      />
    </div>
  </div>
</DocumentFragment>
`;
