// Jest Snapshot v1, https://goo.gl/fbAQLP

exports[`LoginPage renders 1`] = `
<DocumentFragment>
  <header>
    <a
      class="main-container main-container--content flex"
      href="/"
    >
      <picture>
        <source
          media="(min-width: 640px)"
          srcset="/icons/app/icons8-dungeons-and-dragons-128.png"
        />
        <source
          media="(min-width: 480px)"
          srcset="/icons/app/icons8-dungeons-and-dragons-96.png"
        />
        <img
          alt="[Translation for https://example.com/global/translations.ttl#appLogoDescription does not exist]"
          src="/icons/app/icons8-dungeons-and-dragons-64.png"
        />
      </picture>
      <div
        class="font-serif text-2xl sm:text-3xl md:text-4xl self-center antialiased"
      >
        [Translation for https://example.com/global/translations.ttl#appName does not exist]
      </div>
    </a>
  </header>
  <main>
    <div
      class="main-container md:grid grid-cols-2 gap-4 mb-16 max-w-3xl place-items-center"
    >
      <div>
        <div
          class="content leading-normal max-w-prose mx-auto"
        >
          <h1>
            [Translation for https://example.com/global/translations.ttl#logInWithSolid does not exist]
          </h1>
          <p>
            [Translation for https://example.com/global/translations.ttl#authenticationPitch does not exist]
          </p>
        </div>
        <p
          class="font-bold"
        >
          [Translation for https://example.com/global/translations.ttl#authenticationGuidance does not exist]
        </p>
        <ul
          class="list-disc ml-5"
        >
          <li>
            <button
              class="link"
              data-testid="login-page-predefined-idp"
              type="button"
            >
              Inrupt Pod Spaces
            </button>
          </li>
          <li>
            <button
              class="link"
              data-testid="login-page-predefined-idp"
              type="button"
            >
              solidcommunity.net
            </button>
          </li>
          <li>
            <button
              class="link"
              data-testid="login-page-predefined-idp"
              type="button"
            >
              inrupt.net
            </button>
          </li>
        </ul>
      </div>
      <form
        class="mt-2 md:mt-0 border p-2 rounded"
      >
        <img
          alt="[Translation for https://example.com/global/translations.ttl#logInImage does not exist]"
          class="mx-auto hidden md:block"
          src="/icons/solid/solid-emblem.svg"
          style="max-width: 200px;"
        />
        <label
          class="label"
          for="idp"
        >
          [Translation for https://example.com/global/translations.ttl#solidIdP does not exist]
          <input
            class="input"
            data-testid="login-page-idp-field"
            id="idp"
            placeholder="https://"
            required=""
            type="url"
            value=""
          />
        </label>
        <label
          class="label"
          for="rememberIdp"
        >
          <input
            class="checkbox"
            data-testid="login-page-remember-checkbox"
            id="rememberIdp"
            type="checkbox"
          />
          <span
            class="label__text"
          >
            [Translation for https://example.com/global/translations.ttl#rememberIdP does not exist]
          </span>
        </label>
        <button
          class="button w-full"
          data-testid="login-page-button"
          type="submit"
        >
          [Translation for https://example.com/global/translations.ttl#logIn does not exist]
        </button>
      </form>
    </div>
    <aside
      class="main-container main-container--content"
    >
      <div
        class="content leading-normal max-w-prose mx-auto content content--small"
      >
        <h2
          data-testid="faq-label"
        >
          [Translation for https://example.com/#faqLabel does not exist]
        </h2>
        <div
          data-testid="faq-description"
        >
          <p>
            [Translation for https://example.com/#faqDescription does not exist]
          </p>
        </div>
      </div>
      <div
        class="content leading-normal max-w-prose mx-auto content content--small"
      >
        <h2
          data-testid="faq-label"
        >
          [Translation for https://example.com/#faqLabel does not exist]
        </h2>
        <div
          data-testid="faq-description"
        >
          <p>
            [Translation for https://example.com/#faqDescription does not exist]
          </p>
        </div>
      </div>
      <div
        class="content leading-normal max-w-prose mx-auto content content--small"
      >
        <h2
          data-testid="faq-label"
        >
          [Translation for https://example.com/#faqLabel does not exist]
        </h2>
        <div
          data-testid="faq-description"
        >
          <p>
            [Translation for https://example.com/#faqDescription does not exist]
          </p>
        </div>
      </div>
    </aside>
  </main>
  <footer
    class="main-container main-container--content md:flex mt-2"
  >
    <div
      class="md:flex-grow mb-2"
    >
      <a
        class="link mr-1 p-1"
        href="/about"
      >
        [Translation for https://example.com/global/translations.ttl#aboutTitle does not exist]
      </a>
      <a
        class="link mr-1 p-1"
        href="/faq"
      >
        [Translation for https://example.com/global/translations.ttl#faqShort does not exist]
      </a>
    </div>
    <div
      class="mb-2"
    />
  </footer>
</DocumentFragment>
`;
