// Jest Snapshot v1, https://goo.gl/fbAQLP

exports[`AboutPage renders 1`] = `
<DocumentFragment>
  <div
    class="container"
  >
    <header
      class="header"
    />
    <div
      class="backToHome"
    >
      <a
        href="/"
      >
        ← Back to home
      </a>
    </div>
    <main>
      <h1
        id="test"
      >
        test
      </h1>
    </main>
    <div
      class="backToHome"
    >
      <a
        href="/"
      >
        ← Back to home
      </a>
    </div>
    <footer />
  </div>
</DocumentFragment>
`;
