// Jest Snapshot v1, https://goo.gl/fbAQLP

exports[`FAQPage renders a list of FAQs 1`] = `
<DocumentFragment>
  <div
    class="container"
  >
    <header
      class="header"
    />
    <div
      class="backToHome"
    >
      <a
        href="/"
      >
        ← Back to home
      </a>
    </div>
    <main>
      <h1>
        <span
          resource="https://example.com/translations.ttl#faqTitle"
        />
      </h1>
      <section>
        <h2 />
        <p>
          [Translation for https://example.com/#fagDescription does not exist]
        </p>
      </section>
    </main>
    <div
      class="backToHome"
    >
      <a
        href="/"
      >
        ← Back to home
      </a>
    </div>
  </div>
</DocumentFragment>
`;
