// Jest Snapshot v1, https://goo.gl/fbAQLP

exports[`LoggedInAlreadyWarning renders 1`] = `
<DocumentFragment>
  <div
    data-testid="logged-in-already-warning"
  >
    <div
      class="bg-yellow-200 text-yellow-900 border-yellow-400 border px-2 py-1 rounded-sm mb-2"
    >
      LoggedInAlready
    </div>
  </div>
</DocumentFragment>
`;

exports[`LoggedInAlreadyWarning renders nothing if unauthenticated 1`] = `<DocumentFragment />`;
