// Jest Snapshot v1, https://goo.gl/fbAQLP

exports[`Unauthenticated renders a login form 1`] = `
<DocumentFragment>
  <form>
    <p>
      [Translation for https://example.com/global/translations.ttl#loggedOut does not exist]
    </p>
    <div
      role="button"
      tabindex="0"
    >
      <button
        type="submit"
      >
        [Translation for https://example.com/global/translations.ttl#logIn does not exist]
      </button>
    </div>
  </form>
</DocumentFragment>
`;
