// Jest Snapshot v1, https://goo.gl/fbAQLP

exports[`Unauthenticated renders a login form 1`] = `
<DocumentFragment>
  <form>
    <p>
      <span
        resource="https://example.com/translations.ttl#loggedOut"
      />
    </p>
    <div
      role="button"
      tabindex="0"
    >
      <button
        type="submit"
      >
        <span
          resource="https://example.com/translations.ttl#logIn"
        />
      </button>
    </div>
  </form>
</DocumentFragment>
`;
